Microchip MPLAB XC8 Compiler V1.45 ()

Linker command line:

-W-3 --edf=C:\Program Files (x86)\Microchip\xc8\v1.45\dat\en_msgs.txt -cs \
  -h+dist/default/debug\lin_mcc_master_test_1.X.debug.sym \
  --cmf=dist/default/debug\lin_mcc_master_test_1.X.debug.cmf -z -Q16F1825 \
  -oC:\Users\Drakko\AppData\Local\Temp\sa4s.2 \
  -Mdist/default/debug/lin_mcc_master_test_1.X.debug.map -E1 -ver=XC8 \
  -ASTACK=02086h-023efh -pstack=STACK -ACODE=00h-07FFhx4 \
  -ASTRCODE=00h-01FFFh -ASTRING=00h-0FFhx32 -ACONST=00h-0FFhx32 \
  -AENTRY=00h-0FFhx32 -ACOMMON=070h-07Fh -ABANK0=020h-06Fh \
  -ABANK1=0A0h-0EFh -ABANK2=0120h-016Fh -ABANK3=01A0h-01EFh \
  -ABANK4=0220h-026Fh -ABANK5=02A0h-02EFh -ABANK6=0320h-036Fh \
  -ABANK7=03A0h-03EFh -ABANK8=0420h-046Fh -ABANK9=04A0h-04EFh \
  -ABANK10=0520h-056Fh -ABANK11=05A0h-05EFh -ABANK12=0620h-064Fh \
  -ABIGRAM=02000h-023EFh \
  -ARAM=020h-06Fh,0A0h-0EFh,0120h-016Fh,01A0h-01EFh,0220h-026Fh,02A0h-02EFh,0320h-036Fh,03A0h-03EFh,0420h-046Fh,04A0h-04EFh,0520h-056Fh,05A0h-05EFh,0620h-064Fh \
  -AABS1=020h-07Fh,0A0h-0EFh,0120h-016Fh,01A0h-01EFh,0220h-026Fh,02A0h-02EFh,0320h-036Fh,03A0h-03EFh,0420h-046Fh,04A0h-04EFh,0520h-056Fh,05A0h-05EFh,0620h-064Fh \
  -ASFR0=00h-01Fh -ASFR1=080h-09Fh -ASFR2=0100h-011Fh -ASFR3=0180h-019Fh \
  -ASFR4=0200h-021Fh -ASFR5=0280h-029Fh -ASFR6=0300h-031Fh \
  -ASFR7=0380h-039Fh -ASFR8=0400h-041Fh -ASFR9=0480h-049Fh \
  -ASFR10=0500h-051Fh -ASFR11=0580h-059Fh -ASFR12=0600h-061Fh \
  -ASFR13=0680h-06EFh -ASFR14=0700h-076Fh -ASFR15=0780h-07EFh \
  -ASFR16=0800h-086Fh -ASFR17=0880h-08EFh -ASFR18=0900h-096Fh \
  -ASFR19=0980h-09EFh -ASFR20=0A00h-0A6Fh -ASFR21=0A80h-0AEFh \
  -ASFR22=0B00h-0B6Fh -ASFR23=0B80h-0BEFh -ASFR24=0C00h-0C6Fh \
  -ASFR25=0C80h-0CEFh -ASFR26=0D00h-0D6Fh -ASFR27=0D80h-0DEFh \
  -ASFR28=0E00h-0E6Fh -ASFR29=0E80h-0EEFh -ASFR30=0F00h-0F6Fh \
  -ASFR31=0F80h-0FEFh -preset_vec=00h,intentry=04h,init,end_init \
  -ppowerup=CODE -pcinit=CODE -pfunctab=ENTRY -ACONFIG=08007h-08008h \
  -pconfig=CONFIG -DCONFIG=2 -AIDLOC=08000h-08003h -pidloc=IDLOC -DIDLOC=2 \
  -AEEDATA=00h-0FFh/0F000h -peeprom_data=EEDATA -DEEDATA=2 -DCODE=2 \
  -DSTRCODE=2 -DSTRING=2 -DCONST=2 -DENTRY=2 -k \
  C:\Users\Drakko\AppData\Local\Temp\sa4s.obj \
  dist/default/debug\lin_mcc_master_test_1.X.debug.obj 

Object code version is 3.11

Machine type is 16F1825



                Name                               Link     Load   Length Selector   Space Scale
C:\Users\Drakko\AppData\Local\Temp\sa4s.obj
                end_init                             30       30        2        8       0
                reset_vec                             0        0        2        0       0
                config                             8007     8007        2    1000E       0
dist/default/debug\lin_mcc_master_test_1.X.debug.obj
                cinit                                32       32       17        8       0
                intentry                              4        4       2C        8       0
                text51                              616      616       17      BFC       0
                text50                              6FB      6FB        3      BFC       0
                text49                              700      700        1      BFC       0
                text48                              6EE      6EE        4      BFC       0
                text47                              3E4      3E4       35        8       0
                text46                              55D      55D       1D        8       0
                text45                              5B1      5B1       1B        8       0
                text44                              2BB      2BB       75        8       0
                text43                              4A1      4A1       2A        8       0
                text42                              104      104       BB        8       0
                text41                              243      243       78        8       0
                text40                              6EA      6EA        4      BFC       0
                text39                              6FF      6FF        1      BFC       0
                text38                              53E      53E       1F        8       0
                text37                              684      684        C      BFC       0
                text35                              6F8      6F8        3      BFC       0
                text34                              6D9      6D9        5      BFC       0
                text33                              6D4      6D4        5      BFC       0
                text32                              4F3      4F3       27        8       0
                text31                              476      476       2B        8       0
                text30                              419      419       30        8       0
                text29                              51A      51A       24        8       0
                text28                              6F5      6F5        3      BFC       0
                text27                              449      449       2D        8       0
                text26                              6F2      6F2        3      BFC       0
                text25                              6CF      6CF        5      BFC       0
                text24                              667      667       10      BFC       0
                text23                              596      596       1B        8       0
                text22                              4CB      4CB       28        8       0
                text21                              5FE      5FE       18      BFC       0
                text20                              330      330       70        8       0
                text19                              1BF      1BF       84        8       0
                text18                               49       49       BB        8       0
                text17                              699      699        9      BFC       0
                text16                              6C9      6C9        6      BFC       0
                text15                              690      690        9      BFC       0
                text14                              6C3      6C3        6      BFC       0
                text13                              6BD      6BD        6      BFC       0
                text12                              3A0      3A0       44        8       0
                text11                              6B7      6B7        6      BFC       0
                text10                              6A2      6A2        8      BFC       0
                text9                               6E6      6E6        4      BFC       0
                text8                               6E2      6E2        4      BFC       0
                text7                               5CC      5CC       1A        8       0
                text6                               677      677        D      BFC       0
                text5                               6AA      6AA        7      BFC       0
                text4                               62D      62D       16      BFC       0
                text3                               655      655       12      BFC       0
                text2                               6DE      6DE        4      BFC       0
                text1                               643      643       12      BFC       0
                maintext                            57A      57A       1C        8       0
                cstackBANK0                          44       44       17       20       1
                cstackCOMMON                         70       70        E       70       1
                cstackBANK1                          C4       C4        B       A0       1
                clrtext                             6B1      6B1        6      BFC       0
                bssBANK1                             A0       A0       24       A0       1
                dataBANK0                            67       67        1       20       1
                bssBANK0                             20       20       24       20       1
                nvBANK1                              CF       CF        7       A0       1
                nvBANK0                              5B       5B        C       20       1
                stringtext1                         5E6      5E6       18      BCC       0
                idataBANK0                          6FE      6FE        1      BFC       0

TOTAL           Name                               Link     Load   Length     Space
        CLASS   STACK          

        CLASS   CODE           
                end_init                             30       30        2         0
                cinit                                32       32       17         0
                intentry                              4        4       2C         0
                reset_vec                             0        0        2         0
                text51                              616      616       17         0
                text50                              6FB      6FB        3         0
                text49                              700      700        1         0
                text48                              6EE      6EE        4         0
                text47                              3E4      3E4       35         0
                text46                              55D      55D       1D         0
                text45                              5B1      5B1       1B         0
                text44                              2BB      2BB       75         0
                text43                              4A1      4A1       2A         0
                text42                              104      104       BB         0
                text41                              243      243       78         0
                text40                              6EA      6EA        4         0
                text39                              6FF      6FF        1         0
                text38                              53E      53E       1F         0
                text37                              684      684        C         0
                text35                              6F8      6F8        3         0
                text34                              6D9      6D9        5         0
                text33                              6D4      6D4        5         0
                text32                              4F3      4F3       27         0
                text31                              476      476       2B         0
                text30                              419      419       30         0
                text29                              51A      51A       24         0
                text28                              6F5      6F5        3         0
                text27                              449      449       2D         0
                text26                              6F2      6F2        3         0
                text25                              6CF      6CF        5         0
                text24                              667      667       10         0
                text23                              596      596       1B         0
                text22                              4CB      4CB       28         0
                text21                              5FE      5FE       18         0
                text20                              330      330       70         0
                text19                              1BF      1BF       84         0
                text18                               49       49       BB         0
                text17                              699      699        9         0
                text16                              6C9      6C9        6         0
                text15                              690      690        9         0
                text14                              6C3      6C3        6         0
                text13                              6BD      6BD        6         0
                text12                              3A0      3A0       44         0
                text11                              6B7      6B7        6         0
                text10                              6A2      6A2        8         0
                text9                               6E6      6E6        4         0
                text8                               6E2      6E2        4         0
                text7                               5CC      5CC       1A         0
                text6                               677      677        D         0
                text5                               6AA      6AA        7         0
                text4                               62D      62D       16         0
                text3                               655      655       12         0
                text2                               6DE      6DE        4         0
                text1                               643      643       12         0
                maintext                            57A      57A       1C         0
                clrtext                             6B1      6B1        6         0
                idataBANK0                          6FE      6FE        1         0

        CLASS   STRCODE        
                stringtext1                         5E6      5E6       18         0

        CLASS   STRING         

        CLASS   CONST          

        CLASS   ENTRY          

        CLASS   COMMON         
                cstackCOMMON                         70       70        E         1

        CLASS   BANK0          
                cstackBANK0                          44       44       17         1
                dataBANK0                            67       67        1         1
                bssBANK0                             20       20       24         1
                nvBANK0                              5B       5B        C         1

        CLASS   BANK1          
                cstackBANK1                          C4       C4        B         1
                bssBANK1                             A0       A0       24         1
                nvBANK1                              CF       CF        7         1

        CLASS   BANK2          

        CLASS   BANK3          

        CLASS   BANK4          

        CLASS   BANK5          

        CLASS   BANK6          

        CLASS   BANK7          

        CLASS   BANK8          

        CLASS   BANK9          

        CLASS   BANK10         

        CLASS   BANK11         

        CLASS   BANK12         

        CLASS   BIGRAM         

        CLASS   RAM            

        CLASS   ABS1           
                abs_s1                               7E       7E        2         1

        CLASS   SFR0           

        CLASS   SFR1           

        CLASS   SFR2           

        CLASS   SFR3           

        CLASS   SFR4           

        CLASS   SFR5           

        CLASS   SFR6           

        CLASS   SFR7           

        CLASS   SFR8           

        CLASS   SFR9           

        CLASS   SFR10          

        CLASS   SFR11          

        CLASS   SFR12          

        CLASS   SFR13          

        CLASS   SFR14          

        CLASS   SFR15          

        CLASS   SFR16          

        CLASS   SFR17          

        CLASS   SFR18          

        CLASS   SFR19          

        CLASS   SFR20          

        CLASS   SFR21          

        CLASS   SFR22          

        CLASS   SFR23          

        CLASS   SFR24          

        CLASS   SFR25          

        CLASS   SFR26          

        CLASS   SFR27          

        CLASS   SFR28          

        CLASS   SFR29          

        CLASS   SFR30          

        CLASS   SFR31          

        CLASS   CONFIG         
                config                             8007     8007        2         0

        CLASS   IDLOC          

        CLASS   EEDATA         

        CLASS   BANK31         

        CLASS   BANK30         

        CLASS   BANK29         

        CLASS   BANK28         

        CLASS   BANK27         

        CLASS   BANK26         

        CLASS   BANK25         

        CLASS   BANK24         

        CLASS   BANK23         

        CLASS   BANK22         

        CLASS   BANK21         

        CLASS   BANK20         

        CLASS   BANK19         

        CLASS   BANK18         

        CLASS   BANK17         

        CLASS   BANK16         

        CLASS   BANK15         

        CLASS   BANK14         

        CLASS   BANK13         



SEGMENTS        Name                           Load    Length   Top    Selector   Space  Class     Delta

                reset_vec                      000000  000002  000002         0       0  CODE        2
                intentry                       000004  0005E2  0005E6         8       0  CODE        2
                bssBANK0                       000020  000048  000068        20       1  BANK0       1
                cstackCOMMON                   000070  00000E  00007E        70       1  COMMON      1
                bssBANK1                       0000A0  000036  0000D6        A0       1  BANK1       1
                stringtext1                    0005E6  000018  0005FE       BCC       0  STRCODE     2
                text21                         0005FE  000103  000701       BFC       0  CODE        2
                config                         008007  000002  008009     1000E       0  CONFIG      2


UNUSED ADDRESS RANGES

        Name                Unused          Largest block    Delta
        BANK0            00068-0006F               8           1
        BANK1            000D6-000EF              1A           1
        BANK10           00520-0056F              50           1
        BANK11           005A0-005EF              50           1
        BANK12           00620-0064F              30           1
        BANK2            00120-0016F              50           1
        BANK3            001A0-001EF              50           1
        BANK4            00220-0026F              50           1
        BANK5            002A0-002EF              50           1
        BANK6            00320-0036F              50           1
        BANK7            003A0-003EF              50           1
        BANK8            00420-0046F              50           1
        BANK9            004A0-004EF              50           1
        BIGRAM           02000-023EF             3F0           1
        CODE             00002-00003               2           2
                         00701-01FFF             800
        CONST            00002-00003               2           2
                         00701-01FFF             100
        EEDATA           0F000-0F0FF             100           2
        ENTRY            00002-00003               2           2
                         00701-01FFF             100
        IDLOC            08000-08003               4           2
        RAM              00068-0006F               8           1
                         000D6-000EF              1A
                         00120-0016F              50
                         001A0-001EF              50
                         00220-0026F              50
                         002A0-002EF              50
                         00320-0036F              50
                         003A0-003EF              50
                         00420-0046F              50
                         004A0-004EF              50
                         00520-0056F              50
                         005A0-005EF              50
                         00620-0064F              30
        SFR0             00000-0001F              20           1
        SFR1             00080-0009F              20           1
        SFR10            00500-0051F              20           1
        SFR11            00580-0059F              20           1
        SFR12            00600-0061F              20           1
        SFR13            00680-006EF              70           1
        SFR14            00700-0076F              70           1
        SFR15            00780-007EF              70           1
        SFR16            00800-0086F              70           1
        SFR17            00880-008EF              70           1
        SFR18            00900-0096F              70           1
        SFR19            00980-009EF              70           1
        SFR2             00100-0011F              20           1
        SFR20            00A00-00A6F              70           1
        SFR21            00A80-00AEF              70           1
        SFR22            00B00-00B6F              70           1
        SFR23            00B80-00BEF              70           1
        SFR24            00C00-00C6F              70           1
        SFR25            00C80-00CEF              70           1
        SFR26            00D00-00D6F              70           1
        SFR27            00D80-00DEF              70           1
        SFR28            00E00-00E6F              70           1
        SFR29            00E80-00EEF              70           1
        SFR3             00180-0019F              20           1
        SFR30            00F00-00F6F              70           1
        SFR31            00F80-00FEF              70           1
        SFR4             00200-0021F              20           1
        SFR5             00280-0029F              20           1
        SFR6             00300-0031F              20           1
        SFR7             00380-0039F              20           1
        SFR8             00400-0041F              20           1
        SFR9             00480-0049F              20           1
        STACK            02086-023EF             36A           1
        STRCODE          00002-00003               2           2
                         00701-01FFF            18FF
        STRING           00002-00003               2           2
                         00701-01FFF             100

                                  Symbol Table

?___wmul                                       cstackCOMMON 00070
EUSART_Read@readValue                          cstackBANK0  0004D
EUSART_SetErrorHandler@interruptHandler        cstackBANK0  0004C
EUSART_SetFramingErrorHandler@interruptHandler cstackBANK0  0004C
EUSART_SetOverrunErrorHandler@interruptHandler cstackBANK0  0004C
EUSART_SetRxInterruptHandler@interruptHandler  cstackBANK0  0004C
EUSART_SetTxInterruptHandler@interruptHandler  cstackBANK0  0004C
EUSART_Write@txData                            cstackBANK0  0004D
LIN_calcParity@CMD                             cstackBANK0  0004D
LIN_calcParity@PID                             cstackBANK0  0004E
LIN_getChecksum@checksum                       cstackBANK0  00050
LIN_getChecksum@data                           cstackBANK0  0004C
LIN_getChecksum@i                              cstackBANK0  0004F
LIN_getChecksum@length                         cstackBANK0  0004E
LIN_getPacket@cmd                              cstackBANK0  00055
LIN_getPacket@data                             cstackBANK0  00054
LIN_handler@LIN_state                          bssBANK0     0002A
LIN_init@processData                           cstackBANK0  00050
LIN_init@table                                 cstackBANK0  0004E
LIN_init@tableLength                           cstackBANK0  00053
LIN_queuePacket@cmd                            cstackBANK0  00057
LIN_queuePacket@data                           cstackBANK0  00052
LIN_queuePacket@i                              cstackBANK0  00058
LIN_queuePacket@tempSchedule                   cstackBANK0  00059
LIN_receivePacket@rxIndex                      bssBANK0     00029
LIN_sendPacket@i                               cstackBANK0  0004F
LIN_sendPeriodicTx@periodicTx                  cstackBANK0  00048
LIN_sendPeriodicTx@scheduleIndex               bssBANK0     00028
LIN_startTimer@timeout                         cstackBANK0  0004E
TMR2_SetInterruptHandler@InterruptHandler      cstackBANK0  0004C
TMR2_WriteTimer@timerVal                       cstackBANK0  0004C
_ANSELA                                        (abs)        0018C
_ANSELC                                        (abs)        0018E
_APFCON0                                       (abs)        0011D
_APFCON1                                       (abs)        0011E
_BAUDCON                                       (abs)        0019F
_BORCON                                        (abs)        00116
_EUSART_DefaultErrorHandler                    text50       006FB
_EUSART_DefaultFramingErrorHandler             text49       00700
_EUSART_DefaultOverrunErrorHandler             text48       006EE
_EUSART_ErrorHandler                           nvBANK1      000D1
_EUSART_FramingErrorHandler                    nvBANK0      0005F
_EUSART_Initialize                             text12       003A0
_EUSART_OverrunErrorHandler                    nvBANK1      000D3
_EUSART_Read                                   text32       004F3
_EUSART_Receive_ISR                            text47       003E4
_EUSART_RxDataHandler                          text51       00616
_EUSART_RxDefaultInterruptHandler              nvBANK0      00061
_EUSART_SetErrorHandler                        text17       00699
_EUSART_SetFramingErrorHandler                 text16       006C9
_EUSART_SetOverrunErrorHandler                 text15       00690
_EUSART_SetRxInterruptHandler                  text14       006C3
_EUSART_SetTxInterruptHandler                  text13       006BD
_EUSART_Transmit_ISR                           text46       0055D
_EUSART_TxDefaultInterruptHandler              nvBANK0      00063
_EUSART_Write                                  text29       0051A
_EUSART_is_rx_ready                            text35       006F8
_INTCONbits                                    (abs)        0000B
_INTERRUPT_InterruptManager                    intentry     00004
_LATA                                          (abs)        0010C
_LATC                                          (abs)        0010E
_LIN_Master_Initialize                         text6        00677
_LIN_calcParity                                text19       001BF
_LIN_disableRx                                 text34       006D9
_LIN_enablePeriodTx                            nvBANK1      000D5
_LIN_enableRx                                  text33       006D4
_LIN_getChecksum                               text31       00476
_LIN_getPacket                                 text22       004CB
_LIN_handler                                   text20       00330
_LIN_init                                      text7        005CC
_LIN_packet                                    bssBANK0     00036
_LIN_period                                    bssBANK0     0002E
_LIN_periodCallBack                            bssBANK0     0002B
_LIN_processData                               nvBANK1      000CF
_LIN_queuePacket                               text18       00049
_LIN_receivePacket                             text30       00419
_LIN_rxPacket                                  bssBANK1     000B0
_LIN_sendBreak                                 text28       006F5
_LIN_sendPacket                                text27       00449
_LIN_sendPeriodicTx                            text41       00243
_LIN_setTimerHandler                           text10       006A2
_LIN_startPeriod                               text9        006E6
_LIN_startTimer                                text24       00667
_LIN_stopTimer                                 text8        006E2
_LIN_timeout                                   dataBANK0    00067
_LIN_timerCallBack                             bssBANK0     0002C
_LIN_timerHandler                              text38       0053E
_LIN_timerRunning                              bssBANK0     0002D
_LIN_txReady                                   bssBANK0     0002F
_OPTION_REGbits                                (abs)        00095
_OSCCON                                        (abs)        00099
_OSCILLATOR_Initialize                         text5        006AA
_OSCTUNE                                       (abs)        00098
_PIE1bits                                      (abs)        00091
_PIN_MANAGER_Initialize                        text4        0062D
_PIR1bits                                      (abs)        00011
_PR2                                           (abs)        0001B
_RCREG                                         (abs)        00199
_RCSTA                                         (abs)        0019D
_RCSTAbits                                     (abs)        0019D
_SPBRGH                                        (abs)        0019C
_SPBRGL                                        (abs)        0019B
_SYSTEM_Initialize                             text1        00643
_T2CON                                         (abs)        0001C
_T2CONbits                                     (abs)        0001C
_TMR2                                          (abs)        0001A
_TMR2_DefaultInterruptHandler                  text39       006FF
_TMR2_ISR                                      text37       00684
_TMR2_Initialize                               text3        00655
_TMR2_InterruptHandler                         nvBANK0      0005D
_TMR2_SetInterruptHandler                      text11       006B7
_TMR2_StartTimer                               text26       006F2
_TMR2_WriteTimer                               text25       006CF
_TRISA                                         (abs)        0008C
_TRISC                                         (abs)        0008E
_TXREG                                         (abs)        0019A
_TXSTA                                         (abs)        0019E
_TXSTAbits                                     (abs)        0019E
_WDTCON                                        (abs)        00097
_WDT_Initialize                                text2        006DE
_WPUA                                          (abs)        0020C
_WPUC                                          (abs)        0020E
__CFG_BOREN$ON                                 (abs)        00000
__CFG_BORV$LO                                  (abs)        00000
__CFG_CLKOUTEN$OFF                             (abs)        00000
__CFG_CP$OFF                                   (abs)        00000
__CFG_CPD$OFF                                  (abs)        00000
__CFG_FCMEN$ON                                 (abs)        00000
__CFG_FOSC$INTOSC                              (abs)        00000
__CFG_IESO$ON                                  (abs)        00000
__CFG_LVP$OFF                                  (abs)        00000
__CFG_MCLRE$ON                                 (abs)        00000
__CFG_PLLEN$OFF                                (abs)        00000
__CFG_PWRTE$OFF                                (abs)        00000
__CFG_STVREN$ON                                (abs)        00000
__CFG_WDTE$OFF                                 (abs)        00000
__CFG_WRT$OFF                                  (abs)        00000
__Habs1                                        abs1         00000
__Hbank0                                       bank0        00000
__Hbank1                                       bank1        00000
__Hbank10                                      bank10       00000
__Hbank11                                      bank11       00000
__Hbank12                                      bank12       00000
__Hbank13                                      bank13       00000
__Hbank14                                      bank14       00000
__Hbank15                                      bank15       00000
__Hbank16                                      bank16       00000
__Hbank17                                      bank17       00000
__Hbank18                                      bank18       00000
__Hbank19                                      bank19       00000
__Hbank2                                       bank2        00000
__Hbank20                                      bank20       00000
__Hbank21                                      bank21       00000
__Hbank22                                      bank22       00000
__Hbank23                                      bank23       00000
__Hbank24                                      bank24       00000
__Hbank25                                      bank25       00000
__Hbank26                                      bank26       00000
__Hbank27                                      bank27       00000
__Hbank28                                      bank28       00000
__Hbank29                                      bank29       00000
__Hbank3                                       bank3        00000
__Hbank30                                      bank30       00000
__Hbank31                                      bank31       00000
__Hbank4                                       bank4        00000
__Hbank5                                       bank5        00000
__Hbank6                                       bank6        00000
__Hbank7                                       bank7        00000
__Hbank8                                       bank8        00000
__Hbank9                                       bank9        00000
__Hbigram                                      bigram       00000
__HbssBANK0                                    bssBANK0     00000
__HbssBANK1                                    bssBANK1     00000
__Hcinit                                       cinit        00049
__Hclrtext                                     clrtext      00000
__Hcode                                        code         00000
__Hcommon                                      common       00000
__Hconfig                                      config       08009
__HcstackBANK0                                 cstackBANK0  00000
__HcstackBANK1                                 cstackBANK1  00000
__HcstackCOMMON                                cstackCOMMON 00000
__HdataBANK0                                   dataBANK0    00000
__Heeprom_data                                 eeprom_data  00000
__Hend_init                                    end_init     00032
__Hfunctab                                     functab      00000
__HidataBANK0                                  idataBANK0   00000
__Hidloc                                       idloc        00000
__Hinit                                        init         00030
__Hintentry                                    intentry     00030
__Hmaintext                                    maintext     00000
__HnvBANK0                                     nvBANK0      00000
__HnvBANK1                                     nvBANK1      00000
__Hpowerup                                     powerup      00000
__Hram                                         ram          00000
__Hreset_vec                                   reset_vec    00002
__Hsfr0                                        sfr0         00000
__Hsfr1                                        sfr1         00000
__Hsfr10                                       sfr10        00000
__Hsfr11                                       sfr11        00000
__Hsfr12                                       sfr12        00000
__Hsfr13                                       sfr13        00000
__Hsfr14                                       sfr14        00000
__Hsfr15                                       sfr15        00000
__Hsfr16                                       sfr16        00000
__Hsfr17                                       sfr17        00000
__Hsfr18                                       sfr18        00000
__Hsfr19                                       sfr19        00000
__Hsfr2                                        sfr2         00000
__Hsfr20                                       sfr20        00000
__Hsfr21                                       sfr21        00000
__Hsfr22                                       sfr22        00000
__Hsfr23                                       sfr23        00000
__Hsfr24                                       sfr24        00000
__Hsfr25                                       sfr25        00000
__Hsfr26                                       sfr26        00000
__Hsfr27                                       sfr27        00000
__Hsfr28                                       sfr28        00000
__Hsfr29                                       sfr29        00000
__Hsfr3                                        sfr3         00000
__Hsfr30                                       sfr30        00000
__Hsfr31                                       sfr31        00000
__Hsfr4                                        sfr4         00000
__Hsfr5                                        sfr5         00000
__Hsfr6                                        sfr6         00000
__Hsfr7                                        sfr7         00000
__Hsfr8                                        sfr8         00000
__Hsfr9                                        sfr9         00000
__Hspace_0                                     (abs)        08009
__Hspace_1                                     (abs)        000D6
__Hspace_2                                     (abs)        00000
__Hspace_3                                     (abs)        00000
__Hstack                                       stack        00000
__Hstrings                                     strings      00000
__Hstringtext1                                 stringtext1  00000
__Htext                                        text         00000
__Labs1                                        abs1         00000
__Lbank0                                       bank0        00000
__Lbank1                                       bank1        00000
__Lbank10                                      bank10       00000
__Lbank11                                      bank11       00000
__Lbank12                                      bank12       00000
__Lbank13                                      bank13       00000
__Lbank14                                      bank14       00000
__Lbank15                                      bank15       00000
__Lbank16                                      bank16       00000
__Lbank17                                      bank17       00000
__Lbank18                                      bank18       00000
__Lbank19                                      bank19       00000
__Lbank2                                       bank2        00000
__Lbank20                                      bank20       00000
__Lbank21                                      bank21       00000
__Lbank22                                      bank22       00000
__Lbank23                                      bank23       00000
__Lbank24                                      bank24       00000
__Lbank25                                      bank25       00000
__Lbank26                                      bank26       00000
__Lbank27                                      bank27       00000
__Lbank28                                      bank28       00000
__Lbank29                                      bank29       00000
__Lbank3                                       bank3        00000
__Lbank30                                      bank30       00000
__Lbank31                                      bank31       00000
__Lbank4                                       bank4        00000
__Lbank5                                       bank5        00000
__Lbank6                                       bank6        00000
__Lbank7                                       bank7        00000
__Lbank8                                       bank8        00000
__Lbank9                                       bank9        00000
__Lbigram                                      bigram       00000
__LbssBANK0                                    bssBANK0     00000
__LbssBANK1                                    bssBANK1     00000
__Lcinit                                       cinit        00032
__Lclrtext                                     clrtext      00000
__Lcode                                        code         00000
__Lcommon                                      common       00000
__Lconfig                                      config       08007
__LcstackBANK0                                 cstackBANK0  00000
__LcstackBANK1                                 cstackBANK1  00000
__LcstackCOMMON                                cstackCOMMON 00000
__LdataBANK0                                   dataBANK0    00000
__Leeprom_data                                 eeprom_data  00000
__Lend_init                                    end_init     00030
__Lfunctab                                     functab      00000
__LidataBANK0                                  idataBANK0   00000
__Lidloc                                       idloc        00000
__Linit                                        init         00030
__Lintentry                                    intentry     00004
__Lmaintext                                    maintext     00000
__LnvBANK0                                     nvBANK0      00000
__LnvBANK1                                     nvBANK1      00000
__Lpowerup                                     powerup      00000
__Lram                                         ram          00000
__Lreset_vec                                   reset_vec    00000
__Lsfr0                                        sfr0         00000
__Lsfr1                                        sfr1         00000
__Lsfr10                                       sfr10        00000
__Lsfr11                                       sfr11        00000
__Lsfr12                                       sfr12        00000
__Lsfr13                                       sfr13        00000
__Lsfr14                                       sfr14        00000
__Lsfr15                                       sfr15        00000
__Lsfr16                                       sfr16        00000
__Lsfr17                                       sfr17        00000
__Lsfr18                                       sfr18        00000
__Lsfr19                                       sfr19        00000
__Lsfr2                                        sfr2         00000
__Lsfr20                                       sfr20        00000
__Lsfr21                                       sfr21        00000
__Lsfr22                                       sfr22        00000
__Lsfr23                                       sfr23        00000
__Lsfr24                                       sfr24        00000
__Lsfr25                                       sfr25        00000
__Lsfr26                                       sfr26        00000
__Lsfr27                                       sfr27        00000
__Lsfr28                                       sfr28        00000
__Lsfr29                                       sfr29        00000
__Lsfr3                                        sfr3         00000
__Lsfr30                                       sfr30        00000
__Lsfr31                                       sfr31        00000
__Lsfr4                                        sfr4         00000
__Lsfr5                                        sfr5         00000
__Lsfr6                                        sfr6         00000
__Lsfr7                                        sfr7         00000
__Lsfr8                                        sfr8         00000
__Lsfr9                                        sfr9         00000
__Lspace_0                                     (abs)        00000
__Lspace_1                                     (abs)        00000
__Lspace_2                                     (abs)        00000
__Lspace_3                                     (abs)        00000
__Lstack                                       stack        00000
__Lstrings                                     strings      00000
__Lstringtext1                                 stringtext1  00000
__Ltext                                        text         00000
__S0                                           (abs)        08009
__S1                                           (abs)        000D6
__S2                                           (abs)        00000
__S3                                           (abs)        00000
___int_sp                                      stack        00000
___latbits                                     (abs)        00002
___sp                                          stack        00000
___wmul                                        text45       005B1
___wmul@multiplicand                           cstackCOMMON 00072
___wmul@multiplier                             cstackCOMMON 00070
___wmul@product                                cstackCOMMON 00074
__end_of_EUSART_DefaultErrorHandler            text50       006FE
__end_of_EUSART_DefaultFramingErrorHandler     text49       00701
__end_of_EUSART_DefaultOverrunErrorHandler     text48       006F2
__end_of_EUSART_Initialize                     text12       003E4
__end_of_EUSART_Read                           text32       0051A
__end_of_EUSART_Receive_ISR                    text47       00419
__end_of_EUSART_RxDataHandler                  text51       0062D
__end_of_EUSART_SetErrorHandler                text17       006A2
__end_of_EUSART_SetFramingErrorHandler         text16       006CF
__end_of_EUSART_SetOverrunErrorHandler         text15       00699
__end_of_EUSART_SetRxInterruptHandler          text14       006C9
__end_of_EUSART_SetTxInterruptHandler          text13       006C3
__end_of_EUSART_Transmit_ISR                   text46       0057A
__end_of_EUSART_Write                          text29       0053E
__end_of_EUSART_is_rx_ready                    text35       006FB
__end_of_INTERRUPT_InterruptManager            intentry     00030
__end_of_LIN_Master_Initialize                 text6        00684
__end_of_LIN_calcParity                        text19       00243
__end_of_LIN_disableRx                         text34       006DE
__end_of_LIN_enableRx                          text33       006D9
__end_of_LIN_getChecksum                       text31       004A1
__end_of_LIN_getPacket                         text22       004F3
__end_of_LIN_handler                           text20       003A0
__end_of_LIN_init                              text7        005E6
__end_of_LIN_queuePacket                       text18       00104
__end_of_LIN_receivePacket                     text30       00449
__end_of_LIN_sendBreak                         text28       006F8
__end_of_LIN_sendPacket                        text27       00476
__end_of_LIN_sendPeriodicTx                    text41       002BB
__end_of_LIN_setTimerHandler                   text10       006AA
__end_of_LIN_startPeriod                       text9        006EA
__end_of_LIN_startTimer                        text24       00677
__end_of_LIN_stopTimer                         text8        006E6
__end_of_LIN_timerHandler                      text38       0055D
__end_of_OSCILLATOR_Initialize                 text5        006B1
__end_of_PIN_MANAGER_Initialize                text4        00643
__end_of_SYSTEM_Initialize                     text1        00655
__end_of_TMR2_DefaultInterruptHandler          text39       00700
__end_of_TMR2_ISR                              text37       00690
__end_of_TMR2_Initialize                       text3        00667
__end_of_TMR2_SetInterruptHandler              text11       006BD
__end_of_TMR2_StartTimer                       text26       006F5
__end_of_TMR2_WriteTimer                       text25       006D4
__end_of_WDT_Initialize                        text2        006E2
__end_of___wmul                                text45       005CC
__end_of__initialization                       cinit        00045
__end_of_main                                  maintext     00596
__end_of_memset                                text23       005B1
__end_of_processLIN                            text21       00616
__end_of_scheduleTable                         stringtext1  005FE
__end_ofi1_LIN_calcParity                      text44       00330
__end_ofi1_LIN_getChecksum                     text43       004CB
__end_ofi1_LIN_queuePacket                     text42       001BF
__end_ofi1_LIN_stopTimer                       text40       006EE
__initialization                               cinit        00032
__pbssBANK0                                    bssBANK0     00020
__pbssBANK1                                    bssBANK1     000A0
__pcstackBANK0                                 cstackBANK0  00044
__pcstackBANK1                                 cstackBANK1  000C4
__pcstackCOMMON                                cstackCOMMON 00070
__pdataBANK0                                   dataBANK0    00067
__pidataBANK0                                  idataBANK0   006FE
__pintentry                                    intentry     00004
__pmaintext                                    maintext     0057A
__pnvBANK0                                     nvBANK0      0005B
__pnvBANK1                                     nvBANK1      000CF
__pstringtext1                                 stringtext1  005E6
__ptext1                                       text1        00643
__ptext10                                      text10       006A2
__ptext11                                      text11       006B7
__ptext12                                      text12       003A0
__ptext13                                      text13       006BD
__ptext14                                      text14       006C3
__ptext15                                      text15       00690
__ptext16                                      text16       006C9
__ptext17                                      text17       00699
__ptext18                                      text18       00049
__ptext19                                      text19       001BF
__ptext2                                       text2        006DE
__ptext20                                      text20       00330
__ptext21                                      text21       005FE
__ptext22                                      text22       004CB
__ptext23                                      text23       00596
__ptext24                                      text24       00667
__ptext25                                      text25       006CF
__ptext26                                      text26       006F2
__ptext27                                      text27       00449
__ptext28                                      text28       006F5
__ptext29                                      text29       0051A
__ptext3                                       text3        00655
__ptext30                                      text30       00419
__ptext31                                      text31       00476
__ptext32                                      text32       004F3
__ptext33                                      text33       006D4
__ptext34                                      text34       006D9
__ptext35                                      text35       006F8
__ptext37                                      text37       00684
__ptext38                                      text38       0053E
__ptext39                                      text39       006FF
__ptext4                                       text4        0062D
__ptext40                                      text40       006EA
__ptext41                                      text41       00243
__ptext42                                      text42       00104
__ptext43                                      text43       004A1
__ptext44                                      text44       002BB
__ptext45                                      text45       005B1
__ptext46                                      text46       0055D
__ptext47                                      text47       003E4
__ptext48                                      text48       006EE
__ptext49                                      text49       00700
__ptext5                                       text5        006AA
__ptext50                                      text50       006FB
__ptext51                                      text51       00616
__ptext6                                       text6        00677
__ptext7                                       text7        005CC
__ptext8                                       text8        006E2
__ptext9                                       text9        006E6
__size_of_EUSART_DefaultErrorHandler           (abs)        00000
__size_of_EUSART_DefaultFramingErrorHandler    (abs)        00000
__size_of_EUSART_DefaultOverrunErrorHandler    (abs)        00000
__size_of_EUSART_Initialize                    (abs)        00000
__size_of_EUSART_Read                          (abs)        00000
__size_of_EUSART_Receive_ISR                   (abs)        00000
__size_of_EUSART_RxDataHandler                 (abs)        00000
__size_of_EUSART_SetErrorHandler               (abs)        00000
__size_of_EUSART_SetFramingErrorHandler        (abs)        00000
__size_of_EUSART_SetOverrunErrorHandler        (abs)        00000
__size_of_EUSART_SetRxInterruptHandler         (abs)        00000
__size_of_EUSART_SetTxInterruptHandler         (abs)        00000
__size_of_EUSART_Transmit_ISR                  (abs)        00000
__size_of_EUSART_Write                         (abs)        00000
__size_of_EUSART_is_rx_ready                   (abs)        00000
__size_of_INTERRUPT_InterruptManager           (abs)        00000
__size_of_LIN_Master_Initialize                (abs)        00000
__size_of_LIN_calcParity                       (abs)        00000
__size_of_LIN_disableRx                        (abs)        00000
__size_of_LIN_enableRx                         (abs)        00000
__size_of_LIN_getChecksum                      (abs)        00000
__size_of_LIN_getPacket                        (abs)        00000
__size_of_LIN_handler                          (abs)        00000
__size_of_LIN_init                             (abs)        00000
__size_of_LIN_queuePacket                      (abs)        00000
__size_of_LIN_receivePacket                    (abs)        00000
__size_of_LIN_sendBreak                        (abs)        00000
__size_of_LIN_sendPacket                       (abs)        00000
__size_of_LIN_sendPeriodicTx                   (abs)        00000
__size_of_LIN_setTimerHandler                  (abs)        00000
__size_of_LIN_startPeriod                      (abs)        00000
__size_of_LIN_startTimer                       (abs)        00000
__size_of_LIN_stopTimer                        (abs)        00000
__size_of_LIN_timerHandler                     (abs)        00000
__size_of_OSCILLATOR_Initialize                (abs)        00000
__size_of_PIN_MANAGER_Initialize               (abs)        00000
__size_of_SYSTEM_Initialize                    (abs)        00000
__size_of_TMR2_DefaultInterruptHandler         (abs)        00000
__size_of_TMR2_ISR                             (abs)        00000
__size_of_TMR2_Initialize                      (abs)        00000
__size_of_TMR2_SetInterruptHandler             (abs)        00000
__size_of_TMR2_StartTimer                      (abs)        00000
__size_of_TMR2_WriteTimer                      (abs)        00000
__size_of_WDT_Initialize                       (abs)        00000
__size_of___wmul                               (abs)        00000
__size_of_main                                 (abs)        00000
__size_of_memset                               (abs)        00000
__size_of_processLIN                           (abs)        00000
__size_ofi1_LIN_calcParity                     (abs)        00000
__size_ofi1_LIN_getChecksum                    (abs)        00000
__size_ofi1_LIN_queuePacket                    (abs)        00000
__size_ofi1_LIN_stopTimer                      (abs)        00000
_eusartRxBuffer                                bssBANK1     000A0
_eusartRxCount                                 bssBANK0     00031
_eusartRxHead                                  bssBANK0     00033
_eusartRxLastError                             bssBANK0     00030
_eusartRxStatusBuffer                          bssBANK0     00020
_eusartRxTail                                  bssBANK0     00032
_eusartTxBuffer                                bssBANK1     000A8
_eusartTxBufferRemaining                       nvBANK0      00066
_eusartTxHead                                  bssBANK0     00035
_eusartTxTail                                  bssBANK0     00034
_main                                          maintext     0057A
_memset                                        text23       00596
_processLIN                                    text21       005FE
_schedule                                      nvBANK0      0005B
_scheduleLength                                nvBANK0      00065
_scheduleTable                                 stringtext1  005E6
btemp                                          (abs)        0007E
clear_ram0                                     clrtext      006B1
end_of_initialization                          cinit        00045
i1LIN_calcParity@CMD                           cstackCOMMON 00071
i1LIN_calcParity@PID                           cstackCOMMON 00072
i1LIN_getChecksum@checksum                     cstackCOMMON 00074
i1LIN_getChecksum@data                         cstackCOMMON 00070
i1LIN_getChecksum@i                            cstackCOMMON 00073
i1LIN_getChecksum@length                       cstackCOMMON 00072
i1LIN_queuePacket@cmd                          cstackBANK0  00044
i1LIN_queuePacket@data                         cstackCOMMON 00076
i1LIN_queuePacket@i                            cstackBANK0  00045
i1LIN_queuePacket@tempSchedule                 cstackBANK0  00046
i1_LIN_calcParity                              text44       002BB
i1_LIN_getChecksum                             text43       004A1
i1_LIN_queuePacket                             text42       00104
i1_LIN_stopTimer                               text40       006EA
int$flags                                      (abs)        0007E
intlevel0                                      functab      00000
intlevel1                                      functab      00000
intlevel2                                      functab      00000
intlevel3                                      functab      00000
intlevel4                                      functab      00000
intlevel5                                      functab      00000
main@data_to_send                              cstackBANK1  000CE
memset@c                                       cstackBANK0  0004C
memset@n                                       cstackBANK0  0004E
memset@p                                       cstackBANK0  00051
memset@p1                                      cstackBANK0  00052
processLIN@cmd                                 cstackBANK1  000CC
processLIN@tempRxData                          cstackBANK1  000C4
reset_vec                                      reset_vec    00000
stackhi                                        (abs)        023EF
stacklo                                        (abs)        02086
start                                          init         00030
start_initialization                           cinit        00032
wtemp0                                         (abs)        0007E


FUNCTION INFORMATION:

 *************** function _main *****************
 Defined at:
		line 49 in file "main.c"
 Parameters:    Size  Location     Type
		None
 Auto vars:     Size  Location     Type
  data_to_send    1   10[BANK1 ] unsigned char 
 Return value:  Size  Location     Type
                  1    wreg      void 
 Registers used:
		wreg, fsr0l, fsr0h, fsr1l, fsr1h, status,2, status,0, pclath, cstack
 Tracked objects:
		On entry : 
		On exit  : 
		Unchanged: 
 Data sizes:     COMMON   BANK0   BANK1   BANK2   BANK3   BANK4   BANK5   BANK6   BANK7   BANK8   BANK9  BANK10  BANK11  BANK12
      Params:         0       0       0       0       0       0       0       0       0       0       0       0       0       0
      Locals:         0       0       1       0       0       0       0       0       0       0       0       0       0       0
      Temps:          0       0       1       0       0       0       0       0       0       0       0       0       0       0
      Totals:         0       0       2       0       0       0       0       0       0       0       0       0       0       0
Total ram usage:        2 bytes
 Hardware stack levels required when called:   11
 This function calls:
		_LIN_Master_Initialize
		_LIN_handler
		_LIN_queuePacket
		_SYSTEM_Initialize
		_processLIN
 This function is called by:
		Startup code after reset
 This function uses a non-reentrant model


 *************** function _SYSTEM_Initialize *****************
 Defined at:
		line 50 in file "mcc_generated_files/mcc.c"
 Parameters:    Size  Location     Type
		None
 Auto vars:     Size  Location     Type
		None
 Return value:  Size  Location     Type
                  1    wreg      void 
 Registers used:
		wreg, status,2, status,0, pclath, cstack
 Tracked objects:
		On entry : 
		On exit  : 
		Unchanged: 
 Data sizes:     COMMON   BANK0   BANK1   BANK2   BANK3   BANK4   BANK5   BANK6   BANK7   BANK8   BANK9  BANK10  BANK11  BANK12
      Params:         0       0       0       0       0       0       0       0       0       0       0       0       0       0
      Locals:         0       0       0       0       0       0       0       0       0       0       0       0       0       0
      Temps:          0       0       0       0       0       0       0       0       0       0       0       0       0       0
      Totals:         0       0       0       0       0       0       0       0       0       0       0       0       0       0
Total ram usage:        0 bytes
 Hardware stack levels used:    1
 Hardware stack levels required when called:   10
 This function calls:
		_EUSART_Initialize
		_LIN_Master_Initialize
		_OSCILLATOR_Initialize
		_PIN_MANAGER_Initialize
		_TMR2_Initialize
		_WDT_Initialize
 This function is called by:
		_main
 This function uses a non-reentrant model


 *************** function _WDT_Initialize *****************
 Defined at:
		line 71 in file "mcc_generated_files/mcc.c"
 Parameters:    Size  Location     Type
		None
 Auto vars:     Size  Location     Type
		None
 Return value:  Size  Location     Type
                  1    wreg      void 
 Registers used:
		wreg
 Tracked objects:
		On entry : 
		On exit  : 
		Unchanged: 
 Data sizes:     COMMON   BANK0   BANK1   BANK2   BANK3   BANK4   BANK5   BANK6   BANK7   BANK8   BANK9  BANK10  BANK11  BANK12
      Params:         0       0       0       0       0       0       0       0       0       0       0       0       0       0
      Locals:         0       0       0       0       0       0       0       0       0       0       0       0       0       0
      Temps:          0       0       0       0       0       0       0       0       0       0       0       0       0       0
      Totals:         0       0       0       0       0       0       0       0       0       0       0       0       0       0
Total ram usage:        0 bytes
 Hardware stack levels used:    1
 Hardware stack levels required when called:    6
 This function calls:
		Nothing
 This function is called by:
		_SYSTEM_Initialize
 This function uses a non-reentrant model


 *************** function _TMR2_Initialize *****************
 Defined at:
		line 64 in file "mcc_generated_files/tmr2.c"
 Parameters:    Size  Location     Type
		None
 Auto vars:     Size  Location     Type
		None
 Return value:  Size  Location     Type
                  1    wreg      void 
 Registers used:
		wreg, status,2, status,0, pclath, cstack
 Tracked objects:
		On entry : 
		On exit  : 
		Unchanged: 
 Data sizes:     COMMON   BANK0   BANK1   BANK2   BANK3   BANK4   BANK5   BANK6   BANK7   BANK8   BANK9  BANK10  BANK11  BANK12
      Params:         0       0       0       0       0       0       0       0       0       0       0       0       0       0
      Locals:         0       0       0       0       0       0       0       0       0       0       0       0       0       0
      Temps:          0       0       0       0       0       0       0       0       0       0       0       0       0       0
      Totals:         0       0       0       0       0       0       0       0       0       0       0       0       0       0
Total ram usage:        0 bytes
 Hardware stack levels used:    1
 Hardware stack levels required when called:    7
 This function calls:
		_TMR2_SetInterruptHandler
 This function is called by:
		_SYSTEM_Initialize
 This function uses a non-reentrant model


 *************** function _PIN_MANAGER_Initialize *****************
 Defined at:
		line 57 in file "mcc_generated_files/pin_manager.c"
 Parameters:    Size  Location     Type
		None
 Auto vars:     Size  Location     Type
		None
 Return value:  Size  Location     Type
                  1    wreg      void 
 Registers used:
		wreg, status,2
 Tracked objects:
		On entry : 
		On exit  : 
		Unchanged: 
 Data sizes:     COMMON   BANK0   BANK1   BANK2   BANK3   BANK4   BANK5   BANK6   BANK7   BANK8   BANK9  BANK10  BANK11  BANK12
      Params:         0       0       0       0       0       0       0       0       0       0       0       0       0       0
      Locals:         0       0       0       0       0       0       0       0       0       0       0       0       0       0
      Temps:          0       0       0       0       0       0       0       0       0       0       0       0       0       0
      Totals:         0       0       0       0       0       0       0       0       0       0       0       0       0       0
Total ram usage:        0 bytes
 Hardware stack levels used:    1
 Hardware stack levels required when called:    6
 This function calls:
		Nothing
 This function is called by:
		_SYSTEM_Initialize
 This function uses a non-reentrant model


 *************** function _OSCILLATOR_Initialize *****************
 Defined at:
		line 61 in file "mcc_generated_files/mcc.c"
 Parameters:    Size  Location     Type
		None
 Auto vars:     Size  Location     Type
		None
 Return value:  Size  Location     Type
                  1    wreg      void 
 Registers used:
		wreg, status,2
 Tracked objects:
		On entry : 
		On exit  : 
		Unchanged: 
 Data sizes:     COMMON   BANK0   BANK1   BANK2   BANK3   BANK4   BANK5   BANK6   BANK7   BANK8   BANK9  BANK10  BANK11  BANK12
      Params:         0       0       0       0       0       0       0       0       0       0       0       0       0       0
      Locals:         0       0       0       0       0       0       0       0       0       0       0       0       0       0
      Temps:          0       0       0       0       0       0       0       0       0       0       0       0       0       0
      Totals:         0       0       0       0       0       0       0       0       0       0       0       0       0       0
Total ram usage:        0 bytes
 Hardware stack levels used:    1
 Hardware stack levels required when called:    6
 This function calls:
		Nothing
 This function is called by:
		_SYSTEM_Initialize
 This function uses a non-reentrant model


 *************** function _LIN_Master_Initialize *****************
 Defined at:
		line 43 in file "mcc_generated_files/LINDrivers/lin_app.c"
 Parameters:    Size  Location     Type
		None
 Auto vars:     Size  Location     Type
		None
 Return value:  Size  Location     Type
                  1    wreg      void 
 Registers used:
		wreg, status,2, status,0, pclath, cstack
 Tracked objects:
		On entry : 
		On exit  : 
		Unchanged: 
 Data sizes:     COMMON   BANK0   BANK1   BANK2   BANK3   BANK4   BANK5   BANK6   BANK7   BANK8   BANK9  BANK10  BANK11  BANK12
      Params:         0       0       0       0       0       0       0       0       0       0       0       0       0       0
      Locals:         0       0       0       0       0       0       0       0       0       0       0       0       0       0
      Temps:          0       0       0       0       0       0       0       0       0       0       0       0       0       0
      Totals:         0       0       0       0       0       0       0       0       0       0       0       0       0       0
Total ram usage:        0 bytes
 Hardware stack levels used:    1
 Hardware stack levels required when called:    9
 This function calls:
		_LIN_init
 This function is called by:
		_SYSTEM_Initialize
		_main
 This function uses a non-reentrant model


 *************** function _LIN_init *****************
 Defined at:
		line 60 in file "mcc_generated_files/LINDrivers/lin_master.c"
 Parameters:    Size  Location     Type
  tableLength     1    wreg     unsigned char 
  table           2   10[BANK0 ] const PTR const struct .
		 -> scheduleTable(24), 
  processData     2   12[BANK0 ] PTR FTN()void 
		 -> processLIN(1), 
 Auto vars:     Size  Location     Type
  tableLength     1   15[BANK0 ] unsigned char 
 Return value:  Size  Location     Type
                  1    wreg      void 
 Registers used:
		wreg, status,2, status,0, pclath, cstack
 Tracked objects:
		On entry : 
		On exit  : 
		Unchanged: 
 Data sizes:     COMMON   BANK0   BANK1   BANK2   BANK3   BANK4   BANK5   BANK6   BANK7   BANK8   BANK9  BANK10  BANK11  BANK12
      Params:         0       4       0       0       0       0       0       0       0       0       0       0       0       0
      Locals:         0       1       0       0       0       0       0       0       0       0       0       0       0       0
      Temps:          0       1       0       0       0       0       0       0       0       0       0       0       0       0
      Totals:         0       6       0       0       0       0       0       0       0       0       0       0       0       0
Total ram usage:        6 bytes
 Hardware stack levels used:    1
 Hardware stack levels required when called:    8
 This function calls:
		_LIN_setTimerHandler
		_LIN_startPeriod
		_LIN_stopTimer
 This function is called by:
		_LIN_Master_Initialize
 This function uses a non-reentrant model


 *************** function _LIN_stopTimer *****************
 Defined at:
		line 268 in file "mcc_generated_files/LINDrivers/lin_master.c"
 Parameters:    Size  Location     Type
		None
 Auto vars:     Size  Location     Type
		None
 Return value:  Size  Location     Type
                  1    wreg      void 
 Registers used:
		status,2
 Tracked objects:
		On entry : 
		On exit  : 
		Unchanged: 
 Data sizes:     COMMON   BANK0   BANK1   BANK2   BANK3   BANK4   BANK5   BANK6   BANK7   BANK8   BANK9  BANK10  BANK11  BANK12
      Params:         0       0       0       0       0       0       0       0       0       0       0       0       0       0
      Locals:         0       0       0       0       0       0       0       0       0       0       0       0       0       0
      Temps:          0       0       0       0       0       0       0       0       0       0       0       0       0       0
      Totals:         0       0       0       0       0       0       0       0       0       0       0       0       0       0
Total ram usage:        0 bytes
 Hardware stack levels used:    1
 Hardware stack levels required when called:    6
 This function calls:
		Nothing
 This function is called by:
		_LIN_init
 This function uses a non-reentrant model


 *************** function _LIN_startPeriod *****************
 Defined at:
		line 274 in file "mcc_generated_files/LINDrivers/lin_master.c"
 Parameters:    Size  Location     Type
		None
 Auto vars:     Size  Location     Type
		None
 Return value:  Size  Location     Type
                  1    wreg      void 
 Registers used:
		None
 Tracked objects:
		On entry : 
		On exit  : 
		Unchanged: 
 Data sizes:     COMMON   BANK0   BANK1   BANK2   BANK3   BANK4   BANK5   BANK6   BANK7   BANK8   BANK9  BANK10  BANK11  BANK12
      Params:         0       0       0       0       0       0       0       0       0       0       0       0       0       0
      Locals:         0       0       0       0       0       0       0       0       0       0       0       0       0       0
      Temps:          0       0       0       0       0       0       0       0       0       0       0       0       0       0
      Totals:         0       0       0       0       0       0       0       0       0       0       0       0       0       0
Total ram usage:        0 bytes
 Hardware stack levels used:    1
 Hardware stack levels required when called:    6
 This function calls:
		Nothing
 This function is called by:
		_LIN_init
 This function uses a non-reentrant model


 *************** function _LIN_setTimerHandler *****************
 Defined at:
		line 264 in file "mcc_generated_files/LINDrivers/lin_master.c"
 Parameters:    Size  Location     Type
		None
 Auto vars:     Size  Location     Type
		None
 Return value:  Size  Location     Type
                  1    wreg      void 
 Registers used:
		wreg, status,2, status,0, pclath, cstack
 Tracked objects:
		On entry : 
		On exit  : 
		Unchanged: 
 Data sizes:     COMMON   BANK0   BANK1   BANK2   BANK3   BANK4   BANK5   BANK6   BANK7   BANK8   BANK9  BANK10  BANK11  BANK12
      Params:         0       0       0       0       0       0       0       0       0       0       0       0       0       0
      Locals:         0       0       0       0       0       0       0       0       0       0       0       0       0       0
      Temps:          0       0       0       0       0       0       0       0       0       0       0       0       0       0
      Totals:         0       0       0       0       0       0       0       0       0       0       0       0       0       0
Total ram usage:        0 bytes
 Hardware stack levels used:    1
 Hardware stack levels required when called:    7
 This function calls:
		_TMR2_SetInterruptHandler
 This function is called by:
		_LIN_init
 This function uses a non-reentrant model


 *************** function _TMR2_SetInterruptHandler *****************
 Defined at:
		line 132 in file "mcc_generated_files/tmr2.c"
 Parameters:    Size  Location     Type
  InterruptHan    2    8[BANK0 ] PTR FTN()void 
		 -> LIN_timerHandler(1), TMR2_DefaultInterruptHandler(1), 
 Auto vars:     Size  Location     Type
		None
 Return value:  Size  Location     Type
                  1    wreg      void 
 Registers used:
		wreg
 Tracked objects:
		On entry : 
		On exit  : 
		Unchanged: 
 Data sizes:     COMMON   BANK0   BANK1   BANK2   BANK3   BANK4   BANK5   BANK6   BANK7   BANK8   BANK9  BANK10  BANK11  BANK12
      Params:         0       2       0       0       0       0       0       0       0       0       0       0       0       0
      Locals:         0       0       0       0       0       0       0       0       0       0       0       0       0       0
      Temps:          0       0       0       0       0       0       0       0       0       0       0       0       0       0
      Totals:         0       2       0       0       0       0       0       0       0       0       0       0       0       0
Total ram usage:        2 bytes
 Hardware stack levels used:    1
 Hardware stack levels required when called:    6
 This function calls:
		Nothing
 This function is called by:
		_TMR2_Initialize
		_LIN_setTimerHandler
 This function uses a non-reentrant model


 *************** function _EUSART_Initialize *****************
 Defined at:
		line 85 in file "mcc_generated_files/eusart.c"
 Parameters:    Size  Location     Type
		None
 Auto vars:     Size  Location     Type
		None
 Return value:  Size  Location     Type
                  1    wreg      void 
 Registers used:
		wreg, status,2, status,0, pclath, cstack
 Tracked objects:
		On entry : 
		On exit  : 
		Unchanged: 
 Data sizes:     COMMON   BANK0   BANK1   BANK2   BANK3   BANK4   BANK5   BANK6   BANK7   BANK8   BANK9  BANK10  BANK11  BANK12
      Params:         0       0       0       0       0       0       0       0       0       0       0       0       0       0
      Locals:         0       0       0       0       0       0       0       0       0       0       0       0       0       0
      Temps:          0       1       0       0       0       0       0       0       0       0       0       0       0       0
      Totals:         0       1       0       0       0       0       0       0       0       0       0       0       0       0
Total ram usage:        1 bytes
 Hardware stack levels used:    1
 Hardware stack levels required when called:    7
 This function calls:
		_EUSART_SetErrorHandler
		_EUSART_SetFramingErrorHandler
		_EUSART_SetOverrunErrorHandler
		_EUSART_SetRxInterruptHandler
		_EUSART_SetTxInterruptHandler
 This function is called by:
		_SYSTEM_Initialize
 This function uses a non-reentrant model


 *************** function _EUSART_SetTxInterruptHandler *****************
 Defined at:
		line 273 in file "mcc_generated_files/eusart.c"
 Parameters:    Size  Location     Type
  interruptHan    2    8[BANK0 ] PTR FTN()void 
		 -> EUSART_Transmit_ISR(1), 
 Auto vars:     Size  Location     Type
		None
 Return value:  Size  Location     Type
                  1    wreg      void 
 Registers used:
		wreg
 Tracked objects:
		On entry : 
		On exit  : 
		Unchanged: 
 Data sizes:     COMMON   BANK0   BANK1   BANK2   BANK3   BANK4   BANK5   BANK6   BANK7   BANK8   BANK9  BANK10  BANK11  BANK12
      Params:         0       2       0       0       0       0       0       0       0       0       0       0       0       0
      Locals:         0       0       0       0       0       0       0       0       0       0       0       0       0       0
      Temps:          0       0       0       0       0       0       0       0       0       0       0       0       0       0
      Totals:         0       2       0       0       0       0       0       0       0       0       0       0       0       0
[...]
Total ram usage:        0 bytes
 Hardware stack levels used:    1
 This function calls:
		Nothing
 This function is called by:
		_LIN_timerHandler
 This function uses a non-reentrant model


 *************** function _LIN_sendPeriodicTx *****************
 Defined at:
		line 298 in file "mcc_generated_files/LINDrivers/lin_master.c"
 Parameters:    Size  Location     Type
		None
 Auto vars:     Size  Location     Type
  periodicTx      2    4[BANK0 ] PTR const struct .
		 -> ROM(8192), scheduleTable(24), 
 Return value:  Size  Location     Type
                  1    wreg      void 
 Registers used:
		wreg, fsr0l, fsr0h, fsr1l, fsr1h, status,2, status,0, pclath, cstack
 Tracked objects:
		On entry : 
		On exit  : 
		Unchanged: 
 Data sizes:     COMMON   BANK0   BANK1   BANK2   BANK3   BANK4   BANK5   BANK6   BANK7   BANK8   BANK9  BANK10  BANK11  BANK12
      Params:         0       0       0       0       0       0       0       0       0       0       0       0       0       0
      Locals:         0       2       0       0       0       0       0       0       0       0       0       0       0       0
      Temps:          3       0       0       0       0       0       0       0       0       0       0       0       0       0
      Totals:         3       2       0       0       0       0       0       0       0       0       0       0       0       0
Total ram usage:        5 bytes
 Hardware stack levels used:    1
 Hardware stack levels required when called:    2
 This function calls:
		___wmul
		i1_LIN_queuePacket
 This function is called by:
		_LIN_timerHandler
 This function uses a non-reentrant model


 *************** function i1_LIN_queuePacket *****************
 Defined at:
		line 70 in file "mcc_generated_files/LINDrivers/lin_master.c"
 Parameters:    Size  Location     Type
  cmd             1    wreg     unsigned char 
  data            1    6[COMMON] PTR unsigned char 
		 -> main@data_to_send(1), SIGNAL_Data(1), LFRX_Data(8), RSSI_Data(1), 
		 -> UNLOCK_Data(1), 
 Auto vars:     Size  Location     Type
  cmd             1    0[BANK0 ] unsigned char 
  LIN_queuePac    2    2[BANK0 ] PTR const struct .
		 -> ROM(8192), scheduleTable(24), 
  LIN_queuePac    1    1[BANK0 ] unsigned char 
 Return value:  Size  Location     Type
                  1    wreg      void 
 Registers used:
		wreg, fsr0l, fsr0h, fsr1l, fsr1h, status,2, status,0, pclath, cstack
 Tracked objects:
		On entry : 
		On exit  : 
		Unchanged: 
 Data sizes:     COMMON   BANK0   BANK1   BANK2   BANK3   BANK4   BANK5   BANK6   BANK7   BANK8   BANK9  BANK10  BANK11  BANK12
      Params:         1       0       0       0       0       0       0       0       0       0       0       0       0       0
      Locals:         0       4       0       0       0       0       0       0       0       0       0       0       0       0
      Temps:          4       0       0       0       0       0       0       0       0       0       0       0       0       0
      Totals:         5       4       0       0       0       0       0       0       0       0       0       0       0       0
Total ram usage:        9 bytes
 Hardware stack levels used:    1
 Hardware stack levels required when called:    1
 This function calls:
		i1_LIN_calcParity
		i1_LIN_getChecksum
 This function is called by:
		_LIN_sendPeriodicTx
 This function uses a non-reentrant model


 *************** function i1_LIN_getChecksum *****************
 Defined at:
		line 228 in file "mcc_generated_files/LINDrivers/lin_master.c"
 Parameters:    Size  Location     Type
  length          1    wreg     unsigned char 
  data            1    0[COMMON] PTR unsigned char 
		 -> LIN_rxPacket(12), LIN_packet(11), 
 Auto vars:     Size  Location     Type
  length          1    2[COMMON] unsigned char 
  LIN_getCheck    2    4[COMMON] unsigned int 
  LIN_getCheck    1    3[COMMON] unsigned char 
 Return value:  Size  Location     Type
                  1    wreg      unsigned char 
 Registers used:
		wreg, fsr1l, fsr1h, status,2, status,0
 Tracked objects:
		On entry : 
		On exit  : 
		Unchanged: 
 Data sizes:     COMMON   BANK0   BANK1   BANK2   BANK3   BANK4   BANK5   BANK6   BANK7   BANK8   BANK9  BANK10  BANK11  BANK12
      Params:         1       0       0       0       0       0       0       0       0       0       0       0       0       0
      Locals:         4       0       0       0       0       0       0       0       0       0       0       0       0       0
      Temps:          1       0       0       0       0       0       0       0       0       0       0       0       0       0
      Totals:         6       0       0       0       0       0       0       0       0       0       0       0       0       0
Total ram usage:        6 bytes
 Hardware stack levels used:    1
 This function calls:
		Nothing
 This function is called by:
		i1_LIN_queuePacket
 This function uses a non-reentrant model


 *************** function i1_LIN_calcParity *****************
 Defined at:
		line 210 in file "mcc_generated_files/LINDrivers/lin_master.c"
 Parameters:    Size  Location     Type
  CMD             1    wreg     unsigned char 
 Auto vars:     Size  Location     Type
  CMD             1    1[COMMON] unsigned char 
  LIN_calcPari    1    2[COMMON] struct .
 Return value:  Size  Location     Type
                  1    wreg      unsigned char 
 Registers used:
		wreg, status,0
 Tracked objects:
		On entry : 
		On exit  : 
		Unchanged: 
 Data sizes:     COMMON   BANK0   BANK1   BANK2   BANK3   BANK4   BANK5   BANK6   BANK7   BANK8   BANK9  BANK10  BANK11  BANK12
      Params:         0       0       0       0       0       0       0       0       0       0       0       0       0       0
      Locals:         2       0       0       0       0       0       0       0       0       0       0       0       0       0
      Temps:          1       0       0       0       0       0       0       0       0       0       0       0       0       0
      Totals:         3       0       0       0       0       0       0       0       0       0       0       0       0       0
Total ram usage:        3 bytes
 Hardware stack levels used:    1
 This function calls:
		Nothing
 This function is called by:
		i1_LIN_queuePacket
 This function uses a non-reentrant model


 *************** function ___wmul *****************
 Defined at:
		line 15 in file "C:\Program Files (x86)\Microchip\xc8\v1.45\sources\common\Umul16.c"
 Parameters:    Size  Location     Type
  multiplier      2    0[COMMON] unsigned int 
  multiplicand    2    2[COMMON] unsigned int 
 Auto vars:     Size  Location     Type
  product         2    4[COMMON] unsigned int 
 Return value:  Size  Location     Type
                  2    0[COMMON] unsigned int 
 Registers used:
		wreg, status,2, status,0
 Tracked objects:
		On entry : 
		On exit  : 
		Unchanged: 
 Data sizes:     COMMON   BANK0   BANK1   BANK2   BANK3   BANK4   BANK5   BANK6   BANK7   BANK8   BANK9  BANK10  BANK11  BANK12
      Params:         4       0       0       0       0       0       0       0       0       0       0       0       0       0
      Locals:         2       0       0       0       0       0       0       0       0       0       0       0       0       0
      Temps:          0       0       0       0       0       0       0       0       0       0       0       0       0       0
      Totals:         6       0       0       0       0       0       0       0       0       0       0       0       0       0
Total ram usage:        6 bytes
 Hardware stack levels used:    1
 This function calls:
		Nothing
 This function is called by:
		_LIN_sendPeriodicTx
 This function uses a non-reentrant model


 *************** function _EUSART_Transmit_ISR *****************
 Defined at:
		line 194 in file "mcc_generated_files/eusart.c"
 Parameters:    Size  Location     Type
		None
 Auto vars:     Size  Location     Type
		None
 Return value:  Size  Location     Type
                  1    wreg      void 
 Registers used:
		wreg, fsr1l, fsr1h, status,2, status,0
 Tracked objects:
		On entry : 
		On exit  : 
		Unchanged: 
 Data sizes:     COMMON   BANK0   BANK1   BANK2   BANK3   BANK4   BANK5   BANK6   BANK7   BANK8   BANK9  BANK10  BANK11  BANK12
      Params:         0       0       0       0       0       0       0       0       0       0       0       0       0       0
      Locals:         0       0       0       0       0       0       0       0       0       0       0       0       0       0
      Temps:          1       0       0       0       0       0       0       0       0       0       0       0       0       0
      Totals:         1       0       0       0       0       0       0       0       0       0       0       0       0       0
Total ram usage:        1 bytes
 Hardware stack levels used:    1
 This function calls:
		Nothing
 This function is called by:
		_EUSART_Initialize
		_INTERRUPT_InterruptManager
 This function uses a non-reentrant model


 *************** function _EUSART_Receive_ISR *****************
 Defined at:
		line 213 in file "mcc_generated_files/eusart.c"
 Parameters:    Size  Location     Type
		None
 Auto vars:     Size  Location     Type
		None
 Return value:  Size  Location     Type
                  1    wreg      void 
 Registers used:
		wreg, fsr1l, fsr1h, status,2, status,0, pclath, cstack
 Tracked objects:
		On entry : 
		On exit  : 
		Unchanged: 
 Data sizes:     COMMON   BANK0   BANK1   BANK2   BANK3   BANK4   BANK5   BANK6   BANK7   BANK8   BANK9  BANK10  BANK11  BANK12
      Params:         0       0       0       0       0       0       0       0       0       0       0       0       0       0
      Locals:         0       0       0       0       0       0       0       0       0       0       0       0       0       0
      Temps:          0       0       0       0       0       0       0       0       0       0       0       0       0       0
      Totals:         0       0       0       0       0       0       0       0       0       0       0       0       0       0
Total ram usage:        0 bytes
 Hardware stack levels used:    1
 Hardware stack levels required when called:    2
 This function calls:
		Absolute function
		_EUSART_DefaultErrorHandler
		_EUSART_DefaultFramingErrorHandler
		_EUSART_DefaultOverrunErrorHandler
		_EUSART_RxDataHandler
 This function is called by:
		_EUSART_Initialize
		_INTERRUPT_InterruptManager
 This function uses a non-reentrant model


 *************** function _EUSART_DefaultOverrunErrorHandler *****************
 Defined at:
		line 249 in file "mcc_generated_files/eusart.c"
 Parameters:    Size  Location     Type
		None
 Auto vars:     Size  Location     Type
		None
 Return value:  Size  Location     Type
                  1    wreg      void 
 Registers used:
		None
 Tracked objects:
		On entry : 
		On exit  : 
		Unchanged: 
 Data sizes:     COMMON   BANK0   BANK1   BANK2   BANK3   BANK4   BANK5   BANK6   BANK7   BANK8   BANK9  BANK10  BANK11  BANK12
      Params:         0       0       0       0       0       0       0       0       0       0       0       0       0       0
      Locals:         0       0       0       0       0       0       0       0       0       0       0       0       0       0
      Temps:          0       0       0       0       0       0       0       0       0       0       0       0       0       0
      Totals:         0       0       0       0       0       0       0       0       0       0       0       0       0       0
Total ram usage:        0 bytes
 Hardware stack levels used:    1
 This function calls:
		Nothing
 This function is called by:
		_EUSART_Initialize
		_EUSART_Receive_ISR
 This function uses a non-reentrant model


 *************** function _EUSART_DefaultFramingErrorHandler *****************
 Defined at:
		line 247 in file "mcc_generated_files/eusart.c"
 Parameters:    Size  Location     Type
		None
 Auto vars:     Size  Location     Type
		None
 Return value:  Size  Location     Type
                  1    wreg      void 
 Registers used:
		None
 Tracked objects:
		On entry : 
		On exit  : 
		Unchanged: 
 Data sizes:     COMMON   BANK0   BANK1   BANK2   BANK3   BANK4   BANK5   BANK6   BANK7   BANK8   BANK9  BANK10  BANK11  BANK12
      Params:         0       0       0       0       0       0       0       0       0       0       0       0       0       0
      Locals:         0       0       0       0       0       0       0       0       0       0       0       0       0       0
      Temps:          0       0       0       0       0       0       0       0       0       0       0       0       0       0
      Totals:         0       0       0       0       0       0       0       0       0       0       0       0       0       0
Total ram usage:        0 bytes
 Hardware stack levels used:    1
 This function calls:
		Nothing
 This function is called by:
		_EUSART_Initialize
		_EUSART_Receive_ISR
 This function uses a non-reentrant model


 *************** function _EUSART_DefaultErrorHandler *****************
 Defined at:
		line 257 in file "mcc_generated_files/eusart.c"
 Parameters:    Size  Location     Type
		None
 Auto vars:     Size  Location     Type
		None
 Return value:  Size  Location     Type
                  1    wreg      void 
 Registers used:
		wreg, fsr1l, fsr1h, status,2, status,0, pclath, cstack
 Tracked objects:
		On entry : 
		On exit  : 
		Unchanged: 
 Data sizes:     COMMON   BANK0   BANK1   BANK2   BANK3   BANK4   BANK5   BANK6   BANK7   BANK8   BANK9  BANK10  BANK11  BANK12
      Params:         0       0       0       0       0       0       0       0       0       0       0       0       0       0
      Locals:         0       0       0       0       0       0       0       0       0       0       0       0       0       0
      Temps:          0       0       0       0       0       0       0       0       0       0       0       0       0       0
      Totals:         0       0       0       0       0       0       0       0       0       0       0       0       0       0
Total ram usage:        0 bytes
 Hardware stack levels used:    1
 Hardware stack levels required when called:    1
 This function calls:
		_EUSART_RxDataHandler
 This function is called by:
		_EUSART_Initialize
		_EUSART_Receive_ISR
 This function uses a non-reentrant model


 *************** function _EUSART_RxDataHandler *****************
 Defined at:
		line 237 in file "mcc_generated_files/eusart.c"
 Parameters:    Size  Location     Type
		None
 Auto vars:     Size  Location     Type
		None
 Return value:  Size  Location     Type
                  1    wreg      void 
 Registers used:
		wreg, fsr1l, fsr1h, status,2, status,0
 Tracked objects:
		On entry : 
		On exit  : 
		Unchanged: 
 Data sizes:     COMMON   BANK0   BANK1   BANK2   BANK3   BANK4   BANK5   BANK6   BANK7   BANK8   BANK9  BANK10  BANK11  BANK12
      Params:         0       0       0       0       0       0       0       0       0       0       0       0       0       0
      Locals:         0       0       0       0       0       0       0       0       0       0       0       0       0       0
      Temps:          1       0       0       0       0       0       0       0       0       0       0       0       0       0
      Totals:         1       0       0       0       0       0       0       0       0       0       0       0       0       0
Total ram usage:        1 bytes
 Hardware stack levels used:    1
 This function calls:
		Nothing
 This function is called by:
		_EUSART_Receive_ISR
		_EUSART_DefaultErrorHandler
 This function uses a non-reentrant model



MODULE INFORMATION

Module		Function		Class		Link	Load	Size
mcc_generated_files/LINDrivers/lin_master.c
		_LIN_init      		CODE           	05CC	0000	27
		_LIN_stopTimer 		CODE           	06E2	0000	5
		_LIN_timerHandler		CODE           	053E	0000	32
		_LIN_sendBreak 		CODE           	06F5	0000	4
		_LIN_getPacket 		CODE           	04CB	0000	41
		_LIN_sendPacket		CODE           	0449	0000	46
		_LIN_disableRx 		CODE           	06D9	0000	6
		_LIN_setTimerHandler		CODE           	06A2	0000	9
		_LIN_startTimer		CODE           	0667	0000	17
		_LIN_queuePacket		CODE           	0049	0000	188
		_LIN_sendPeriodicTx		CODE           	0243	0000	121
		_LIN_receivePacket		CODE           	0419	0000	49
		_LIN_getChecksum		CODE           	0476	0000	44
		_LIN_handler   		CODE           	0330	0000	113
		_LIN_startPeriod		CODE           	06E6	0000	5
		_LIN_calcParity		CODE           	01BF	0000	133
		_LIN_enableRx  		CODE           	06D4	0000	6

mcc_generated_files/LINDrivers/lin_master.c estimated size: 846

mcc_generated_files/tmr2.c
		_TMR2_ISR      		CODE           	0684	0000	13
		_TMR2_Initialize		CODE           	0655	0000	19
		_TMR2_SetInterruptHandler		CODE           	06B7	0000	7
		_TMR2_DefaultInterruptHandler		CODE           	06FF	0000	2
		_TMR2_WriteTimer		CODE           	06CF	0000	6
		_TMR2_StartTimer		CODE           	06F2	0000	4

mcc_generated_files/tmr2.c estimated size: 51

mcc_generated_files/interrupt_manager.c
		_INTERRUPT_InterruptManager		CODE           	0004	0000	45

mcc_generated_files/interrupt_manager.c estimated size: 45

C:\Program Files (x86)\Microchip\xc8\v1.45\sources\common\Umul16.c
		___wmul        		CODE           	05B1	0000	28

C:\Program Files (x86)\Microchip\xc8\v1.45\sources\common\Umul16.c estimated size: 28

mcc_generated_files/pin_manager.c
		_PIN_MANAGER_Initialize		CODE           	062D	0000	23

mcc_generated_files/pin_manager.c estimated size: 23

shared
		i1_LIN_stopTimer		CODE           	06EA	0000	5
		i1_LIN_queuePacket		CODE           	0104	0000	188
		_scheduleTable 		STRCODE        	05E6	0000	25
		__initialization		CODE           	0032	0000	20
		i1_LIN_getChecksum		CODE           	04A1	0000	43
		i1_LIN_calcParity		CODE           	02BB	0000	118

shared estimated size: 399

mcc_generated_files/mcc.c
		_WDT_Initialize		CODE           	06DE	0000	5
		_OSCILLATOR_Initialize		CODE           	06AA	0000	8
		_SYSTEM_Initialize		CODE           	0643	0000	19

mcc_generated_files/mcc.c estimated size: 32

mcc_generated_files/LINDrivers/lin_app.c
		_processLIN    		CODE           	05FE	0000	25
		_LIN_Master_Initialize		CODE           	0677	0000	14

mcc_generated_files/LINDrivers/lin_app.c estimated size: 39

mcc_generated_files/eusart.c
		_EUSART_SetRxInterruptHandler		CODE           	06C3	0000	7
		_EUSART_SetTxInterruptHandler		CODE           	06BD	0000	7
		_EUSART_Read   		CODE           	04F3	0000	40
		_EUSART_DefaultOverrunErrorHandler		CODE           	06EE	0000	5
		_EUSART_Write  		CODE           	051A	0000	37
		_EUSART_DefaultErrorHandler		CODE           	06FB	0000	4
		_EUSART_Transmit_ISR		CODE           	055D	0000	30
		_EUSART_Initialize		CODE           	03A0	0000	69
		_EUSART_SetFramingErrorHandler		CODE           	06C9	0000	7
		_EUSART_SetErrorHandler		CODE           	0699	0000	10
		_EUSART_SetOverrunErrorHandler		CODE           	0690	0000	10
		_EUSART_Receive_ISR		CODE           	03E4	0000	54
		_EUSART_RxDataHandler		CODE           	0616	0000	24
		_EUSART_DefaultFramingErrorHandler		CODE           	0700	0000	2
		_EUSART_is_rx_ready		CODE           	06F8	0000	4

mcc_generated_files/eusart.c estimated size: 310

main.c
		_main          		CODE           	057A	0000	29

main.c estimated size: 29

C:\Program Files (x86)\Microchip\xc8\v1.45\sources\common\memset.c
		_memset        		CODE           	0596	0000	28

C:\Program Files (x86)\Microchip\xc8\v1.45\sources\common\memset.c estimated size: 28

